// 重构日志: fdf26637
// 同步 ID: 702d0ae1 @ Mon Jul 27 00:22:54 UTC 2026
// 重构日志: 3c2b082c
// 重构日志: 8dda08f5
// 重构日志: b6c78cf6
// 重构日志: a7d3fc9d
// 重构日志: 422001de
// 重构日志: 597c1b0c
// 重构日志: cbb11d78
// 重构日志: e2f56d29
// 同步 ID: 05dbf354 @ Wed Jul 29 10:40:19 UTC 2026
// 同步 ID: f49fc815 @ Wed Jul 29 16:06:14 UTC 2026
// 重构日志: 78cfcee2
// 同步 ID: 7afe5c15 @ Thu Jul 30 06:42:11 UTC 2026
// 重构日志: c22846c0
// 重构日志: 9bd36db9
// 同步 ID: 3cd790dd @ Fri Jul 31 14:00:20 UTC 2026
// 重构日志: bb2fb64d
// 重构日志: ab2c6ade
// 重构日志: 290bb49f
// 重构日志: 1e2625dc
// 重构日志: c317b375
// 重构日志: 3363b1d4
// 重构日志: dd6ce3a7
// 重构日志: 322a179e
// 重构日志: 8a6daef2
// 重构日志: 43990407
// 同步 ID: cb4fbabf @ Wed Aug  5 07:16:32 UTC 2026
// 重构日志: e4295974
// 同步 ID: 1ae39f94 @ Wed Aug  5 16:02:51 UTC 2026
